---
source: src/client.rs
expression: res
---
[
  {
    "institution_id": "ins_130958",
    "name": "Bridge",
    "products": [
      "assets",
      "auth",
      "balance",
      "transactions",
      "signal",
      "identity_match",
      "identity",
      "processor_payments",
      "recurring_transactions",
      "transfer"
    ],
    "country_codes": [
      "US"
    ],
    "url": null,
    "primary_color": null,
    "logo": null,
    "routing_numbers": [
      "011401533",
      "051402372",
      "105808518",
      "139827361",
      "157966767",
      "163620990",
      "348440429",
      "397767865",
      "441290453",
      "494905986",
      "746018974",
      "785047919"
    ],
    "oauth": false
  },
  {
    "institution_id": "ins_130347",
    "name": "Chiphone Credit Union",
    "products": [
      "assets",
      "auth",
      "balance",
      "transactions",
      "signal",
      "identity_match",
      "identity",
      "investments",
      "liabilities",
      "processor_payments",
      "recurring_transactions",
      "transfer"
    ],
    "country_codes": [
      "US"
    ],
    "url": null,
    "primary_color": null,
    "logo": null,
    "routing_numbers": [
      "271290597"
    ],
    "oauth": true
  },
  {
    "institution_id": "ins_130358",
    "name": "Equitable Bank",
    "products": [
      "assets",
      "auth",
      "balance",
      "transactions",
      "signal",
      "identity_match",
      "identity",
      "liabilities",
      "processor_payments",
      "recurring_transactions",
      "transfer"
    ],
    "country_codes": [
      "US"
    ],
    "url": null,
    "primary_color": null,
    "logo": null,
    "routing_numbers": [
      "011401533",
      "304971932"
    ],
    "oauth": true
  },
  {
    "institution_id": "ins_130332",
    "name": "First Community Bank & Trust (IL) - Personal",
    "products": [
      "assets",
      "balance",
      "transactions",
      "signal",
      "identity_match",
      "identity",
      "recurring_transactions"
    ],
    "country_codes": [
      "US"
    ],
    "url": null,
    "primary_color": null,
    "logo": null,
    "routing_numbers": [],
    "oauth": false
  },
  {
    "institution_id": "ins_129736",
    "name": "First National Bank of Pana",
    "products": [
      "assets",
      "balance",
      "transactions",
      "signal",
      "identity_match",
      "identity",
      "recurring_transactions"
    ],
    "country_codes": [
      "US"
    ],
    "url": null,
    "primary_color": null,
    "logo": null,
    "routing_numbers": [],
    "oauth": false
  },
  {
    "institution_id": "ins_130251",
    "name": "Greensboro Municipal Credit Union",
    "products": [
      "assets",
      "auth",
      "balance",
      "transactions",
      "signal",
      "identity_match",
      "identity",
      "investments",
      "liabilities",
      "processor_payments",
      "recurring_transactions",
      "transfer"
    ],
    "country_codes": [
      "US"
    ],
    "url": null,
    "primary_color": null,
    "logo": null,
    "routing_numbers": [
      "253175931"
    ],
    "oauth": true
  },
  {
    "institution_id": "ins_130088",
    "name": "GW Wade - MyStreetscape",
    "products": [
      "assets",
      "balance",
      "transactions",
      "signal"
    ],
    "country_codes": [
      "US"
    ],
    "url": null,
    "primary_color": null,
    "logo": null,
    "routing_numbers": [],
    "oauth": false
  },
  {
    "institution_id": "ins_130479",
    "name": "L.C.E. Credit Union",
    "products": [
      "balance",
      "transactions"
    ],
    "country_codes": [
      "US"
    ],
    "url": null,
    "primary_color": null,
    "logo": null,
    "routing_numbers": [],
    "oauth": false
  },
  {
    "institution_id": "ins_129920",
    "name": "National Bank of St. Anne",
    "products": [
      "assets",
      "auth",
      "balance",
      "transactions",
      "identity_match",
      "identity",
      "processor_payments",
      "transfer"
    ],
    "country_codes": [
      "US"
    ],
    "url": null,
    "primary_color": null,
    "logo": null,
    "routing_numbers": [
      "011401533",
      "071922337"
    ],
    "oauth": false
  },
  {
    "institution_id": "ins_130242",
    "name": "Ocala Community Credit Union",
    "products": [
      "assets",
      "auth",
      "balance",
      "transactions",
      "signal",
      "identity_match",
      "identity",
      "investments",
      "liabilities",
      "processor_payments",
      "recurring_transactions",
      "transfer"
    ],
    "country_codes": [
      "US"
    ],
    "url": null,
    "primary_color": null,
    "logo": null,
    "routing_numbers": [
      "263181151"
    ],
    "oauth": true
  }
]
